{
  "id": "ANY",
  "auronium": 1000,
  "building_demolition": false,
  "building_end_time": "ANY",
  "building_queue": {
    "queue": [

    ]
  },
  "building_id": 0,
  "energy": 0,
  "energy_max": 0,
  "energy_used": 0,
  "fields_current": 0,
  "fields_max": 138,
  "hangar_plus": false,
  "hangar_queue": null,
  "hangar_start_time": 0,
  "hydrogen": 1000,
  "last_updated": "ANY",
  "name": "Milosz Planet",
  "planet_diameter": 13800,
  "planet_image": "terra-planet-1",
  "planet_type": 5,
  "stardust": null,
  "temp_max": 70,
  "temp_min": 30,
  "titanium": 1000,
  "titanium_storage": 10000,
  "auronium_storage": 10000,
  "hydrogen_storage": 10000
}