{
  "id": "ANY",
  "planet_id": "ANY",
  "titanium_foundry": 1,
  "titanium_depot": 0,
  "auronium_synthesizer": 1,
  "hydrogen_extractor": 0,
  "auronium_repository": 0,
  "solar_array": 0,
  "fusion_power_plant": 0,
  "advanced_research_institute": 0,
  "geomorphological_reshaper": 0,
  "hydrogen_tank": 0,
  "star_ship_hangar": 0,
  "missile_silo": 0,
  "aerospace_yard": 0,
  "lunar_mine": 0,
  "robotics_workshop": 0,
  "nano_assembly_factory": 0
}